[0, 0, true, true, true, true, true] => Overtime[hoursRate1=0, hoursRate2=0] 
[0, 0, true, true, true, true, false] => Overtime[hoursRate1=0, hoursRate2=0] 
[0, 0, true, true, true, false, true] => Overtime[hoursRate1=0, hoursRate2=0] 
[0, 0, true, true, true, false, false] => Overtime[hoursRate1=0, hoursRate2=0] 
[0, 0, true, true, false, true, true] => Overtime[hoursRate1=0, hoursRate2=0] 
[0, 0, true, true, false, true, false] => Overtime[hoursRate1=0, hoursRate2=0] 
[0, 0, true, true, false, false, true] => Overtime[hoursRate1=0, hoursRate2=0] 
[0, 0, true, true, false, false, false] => Overtime[hoursRate1=0, hoursRate2=0] 
[0, 0, true, false, true, true, true] => Overtime[hoursRate1=0, hoursRate2=0] 
[0, 0, true, false, true, true, false] => Overtime[hoursRate1=0, hoursRate2=0] 
[0, 0, true, false, true, false, true] => Overtime[hoursRate1=0, hoursRate2=0] 
[0, 0, true, false, true, false, false] => Overtime[hoursRate1=0, hoursRate2=0] 
[0, 0, true, false, false, true, true] => Overtime[hoursRate1=0, hoursRate2=0] 
[0, 0, true, false, false, true, false] => Overtime[hoursRate1=0, hoursRate2=0] 
[0, 0, true, false, false, false, true] => Overtime[hoursRate1=0, hoursRate2=0] 
[0, 0, true, false, false, false, false] => Overtime[hoursRate1=0, hoursRate2=0] 
[0, 0, false, true, true, true, true] => Overtime[hoursRate1=0, hoursRate2=0] 
[0, 0, false, true, true, true, false] => Overtime[hoursRate1=0, hoursRate2=0] 
[0, 0, false, true, true, false, true] => Overtime[hoursRate1=0, hoursRate2=0] 
[0, 0, false, true, true, false, false] => Overtime[hoursRate1=0, hoursRate2=0] 
[0, 0, false, true, false, true, true] => Overtime[hoursRate1=0, hoursRate2=0] 
[0, 0, false, true, false, true, false] => Overtime[hoursRate1=0, hoursRate2=0] 
[0, 0, false, true, false, false, true] => Overtime[hoursRate1=0, hoursRate2=0] 
[0, 0, false, true, false, false, false] => Overtime[hoursRate1=0, hoursRate2=0] 
[0, 0, false, false, true, true, true] => Overtime[hoursRate1=0, hoursRate2=0] 
[0, 0, false, false, true, true, false] => Overtime[hoursRate1=0, hoursRate2=0] 
[0, 0, false, false, true, false, true] => Overtime[hoursRate1=0, hoursRate2=0] 
[0, 0, false, false, true, false, false] => Overtime[hoursRate1=0, hoursRate2=0] 
[0, 0, false, false, false, true, true] => Overtime[hoursRate1=0, hoursRate2=0] 
[0, 0, false, false, false, true, false] => Overtime[hoursRate1=0, hoursRate2=0] 
[0, 0, false, false, false, false, true] => Overtime[hoursRate1=0, hoursRate2=0] 
[0, 0, false, false, false, false, false] => Overtime[hoursRate1=0, hoursRate2=0] 
[0, 1, true, true, true, true, true] => Overtime[hoursRate1=1, hoursRate2=0] 
[0, 1, true, true, true, true, false] => Overtime[hoursRate1=1, hoursRate2=0] 
[0, 1, true, true, true, false, true] => Overtime[hoursRate1=1, hoursRate2=0] 
[0, 1, true, true, true, false, false] => Overtime[hoursRate1=1, hoursRate2=0] 
[0, 1, true, true, false, true, true] => Overtime[hoursRate1=1, hoursRate2=0] 
[0, 1, true, true, false, true, false] => Overtime[hoursRate1=1, hoursRate2=0] 
[0, 1, true, true, false, false, true] => Overtime[hoursRate1=1, hoursRate2=0] 
[0, 1, true, true, false, false, false] => Overtime[hoursRate1=1, hoursRate2=0] 
[0, 1, true, false, true, true, true] => Overtime[hoursRate1=1, hoursRate2=0] 
[0, 1, true, false, true, true, false] => Overtime[hoursRate1=1, hoursRate2=0] 
[0, 1, true, false, true, false, true] => Overtime[hoursRate1=1, hoursRate2=0] 
[0, 1, true, false, true, false, false] => Overtime[hoursRate1=1, hoursRate2=0] 
[0, 1, true, false, false, true, true] => Overtime[hoursRate1=1, hoursRate2=0] 
[0, 1, true, false, false, true, false] => Overtime[hoursRate1=1, hoursRate2=0] 
[0, 1, true, false, false, false, true] => Overtime[hoursRate1=1, hoursRate2=0] 
[0, 1, true, false, false, false, false] => Overtime[hoursRate1=1, hoursRate2=0] 
[0, 1, false, true, true, true, true] => Overtime[hoursRate1=1, hoursRate2=0] 
[0, 1, false, true, true, true, false] => Overtime[hoursRate1=1, hoursRate2=0] 
[0, 1, false, true, true, false, true] => Overtime[hoursRate1=1, hoursRate2=0] 
[0, 1, false, true, true, false, false] => Overtime[hoursRate1=1, hoursRate2=0] 
[0, 1, false, true, false, true, true] => Overtime[hoursRate1=1, hoursRate2=0] 
[0, 1, false, true, false, true, false] => Overtime[hoursRate1=1, hoursRate2=0] 
[0, 1, false, true, false, false, true] => Overtime[hoursRate1=1, hoursRate2=0] 
[0, 1, false, true, false, false, false] => Overtime[hoursRate1=1, hoursRate2=0] 
[0, 1, false, false, true, true, true] => Overtime[hoursRate1=1, hoursRate2=0] 
[0, 1, false, false, true, true, false] => Overtime[hoursRate1=1, hoursRate2=0] 
[0, 1, false, false, true, false, true] => Overtime[hoursRate1=1, hoursRate2=0] 
[0, 1, false, false, true, false, false] => Overtime[hoursRate1=1, hoursRate2=0] 
[0, 1, false, false, false, true, true] => Overtime[hoursRate1=1, hoursRate2=0] 
[0, 1, false, false, false, true, false] => Overtime[hoursRate1=1, hoursRate2=0] 
[0, 1, false, false, false, false, true] => Overtime[hoursRate1=1, hoursRate2=0] 
[0, 1, false, false, false, false, false] => Overtime[hoursRate1=1, hoursRate2=0] 
[0, 10, true, true, true, true, true] => Overtime[hoursRate1=10, hoursRate2=0] 
[0, 10, true, true, true, true, false] => Overtime[hoursRate1=10, hoursRate2=0] 
[0, 10, true, true, true, false, true] => Overtime[hoursRate1=10, hoursRate2=0] 
[0, 10, true, true, true, false, false] => Overtime[hoursRate1=10, hoursRate2=0] 
[0, 10, true, true, false, true, true] => Overtime[hoursRate1=10, hoursRate2=0] 
[0, 10, true, true, false, true, false] => Overtime[hoursRate1=10, hoursRate2=0] 
[0, 10, true, true, false, false, true] => Overtime[hoursRate1=10, hoursRate2=0] 
[0, 10, true, true, false, false, false] => Overtime[hoursRate1=10, hoursRate2=0] 
[0, 10, true, false, true, true, true] => Overtime[hoursRate1=10, hoursRate2=0] 
[0, 10, true, false, true, true, false] => Overtime[hoursRate1=10, hoursRate2=0] 
[0, 10, true, false, true, false, true] => Overtime[hoursRate1=10, hoursRate2=0] 
[0, 10, true, false, true, false, false] => Overtime[hoursRate1=10, hoursRate2=0] 
[0, 10, true, false, false, true, true] => Overtime[hoursRate1=10, hoursRate2=0] 
[0, 10, true, false, false, true, false] => Overtime[hoursRate1=10, hoursRate2=0] 
[0, 10, true, false, false, false, true] => Overtime[hoursRate1=10, hoursRate2=0] 
[0, 10, true, false, false, false, false] => Overtime[hoursRate1=10, hoursRate2=0] 
[0, 10, false, true, true, true, true] => Overtime[hoursRate1=10, hoursRate2=0] 
[0, 10, false, true, true, true, false] => Overtime[hoursRate1=10, hoursRate2=0] 
[0, 10, false, true, true, false, true] => Overtime[hoursRate1=10, hoursRate2=0] 
[0, 10, false, true, true, false, false] => Overtime[hoursRate1=10, hoursRate2=0] 
[0, 10, false, true, false, true, true] => Overtime[hoursRate1=10, hoursRate2=0] 
[0, 10, false, true, false, true, false] => Overtime[hoursRate1=10, hoursRate2=0] 
[0, 10, false, true, false, false, true] => Overtime[hoursRate1=10, hoursRate2=0] 
[0, 10, false, true, false, false, false] => Overtime[hoursRate1=10, hoursRate2=0] 
[0, 10, false, false, true, true, true] => Overtime[hoursRate1=10, hoursRate2=0] 
[0, 10, false, false, true, true, false] => Overtime[hoursRate1=10, hoursRate2=0] 
[0, 10, false, false, true, false, true] => Overtime[hoursRate1=10, hoursRate2=0] 
[0, 10, false, false, true, false, false] => Overtime[hoursRate1=10, hoursRate2=0] 
[0, 10, false, false, false, true, true] => Overtime[hoursRate1=10, hoursRate2=0] 
[0, 10, false, false, false, true, false] => Overtime[hoursRate1=10, hoursRate2=0] 
[0, 10, false, false, false, false, true] => Overtime[hoursRate1=10, hoursRate2=0] 
[0, 10, false, false, false, false, false] => Overtime[hoursRate1=10, hoursRate2=0] 
[0, 12, true, true, true, true, true] => Overtime[hoursRate1=12, hoursRate2=0] 
[0, 12, true, true, true, true, false] => Overtime[hoursRate1=12, hoursRate2=0] 
[0, 12, true, true, true, false, true] => Overtime[hoursRate1=12, hoursRate2=0] 
[0, 12, true, true, true, false, false] => Overtime[hoursRate1=12, hoursRate2=0] 
[0, 12, true, true, false, true, true] => Overtime[hoursRate1=12, hoursRate2=0] 
[0, 12, true, true, false, true, false] => Overtime[hoursRate1=12, hoursRate2=0] 
[0, 12, true, true, false, false, true] => Overtime[hoursRate1=12, hoursRate2=0] 
[0, 12, true, true, false, false, false] => Overtime[hoursRate1=12, hoursRate2=0] 
[0, 12, true, false, true, true, true] => Overtime[hoursRate1=12, hoursRate2=0] 
[0, 12, true, false, true, true, false] => Overtime[hoursRate1=10, hoursRate2=0] 
[0, 12, true, false, true, false, true] => Overtime[hoursRate1=12, hoursRate2=0] 
[0, 12, true, false, true, false, false] => Overtime[hoursRate1=10, hoursRate2=0] 
[0, 12, true, false, false, true, true] => Overtime[hoursRate1=12, hoursRate2=0] 
[0, 12, true, false, false, true, false] => Overtime[hoursRate1=10, hoursRate2=0] 
[0, 12, true, false, false, false, true] => Overtime[hoursRate1=12, hoursRate2=0] 
[0, 12, true, false, false, false, false] => Overtime[hoursRate1=10, hoursRate2=0] 
[0, 12, false, true, true, true, true] => Overtime[hoursRate1=12, hoursRate2=0] 
[0, 12, false, true, true, true, false] => Overtime[hoursRate1=12, hoursRate2=0] 
[0, 12, false, true, true, false, true] => Overtime[hoursRate1=10, hoursRate2=2] 
[0, 12, false, true, true, false, false] => Overtime[hoursRate1=10, hoursRate2=2] 
[0, 12, false, true, false, true, true] => Overtime[hoursRate1=12, hoursRate2=0] 
[0, 12, false, true, false, true, false] => Overtime[hoursRate1=12, hoursRate2=0] 
[0, 12, false, true, false, false, true] => Overtime[hoursRate1=10, hoursRate2=2] 
[0, 12, false, true, false, false, false] => Overtime[hoursRate1=10, hoursRate2=2] 
[0, 12, false, false, true, true, true] => Overtime[hoursRate1=12, hoursRate2=0] 
[0, 12, false, false, true, true, false] => Overtime[hoursRate1=12, hoursRate2=0] 
[0, 12, false, false, true, false, true] => Overtime[hoursRate1=10, hoursRate2=2] 
[0, 12, false, false, true, false, false] => Overtime[hoursRate1=10, hoursRate2=2] 
[0, 12, false, false, false, true, true] => Overtime[hoursRate1=12, hoursRate2=0] 
[0, 12, false, false, false, true, false] => Overtime[hoursRate1=12, hoursRate2=0] 
[0, 12, false, false, false, false, true] => Overtime[hoursRate1=12, hoursRate2=0] 
[0, 12, false, false, false, false, false] => Overtime[hoursRate1=12, hoursRate2=0] 
[0, 17, true, true, true, true, true] => Overtime[hoursRate1=17, hoursRate2=0] 
[0, 17, true, true, true, true, false] => Overtime[hoursRate1=17, hoursRate2=0] 
[0, 17, true, true, true, false, true] => Overtime[hoursRate1=17, hoursRate2=0] 
[0, 17, true, true, true, false, false] => Overtime[hoursRate1=17, hoursRate2=0] 
[0, 17, true, true, false, true, true] => Overtime[hoursRate1=17, hoursRate2=0] 
[0, 17, true, true, false, true, false] => Overtime[hoursRate1=17, hoursRate2=0] 
[0, 17, true, true, false, false, true] => Overtime[hoursRate1=17, hoursRate2=0] 
[0, 17, true, true, false, false, false] => Overtime[hoursRate1=17, hoursRate2=0] 
[0, 17, true, false, true, true, true] => Overtime[hoursRate1=17, hoursRate2=0] 
[0, 17, true, false, true, true, false] => Overtime[hoursRate1=10, hoursRate2=0] 
[0, 17, true, false, true, false, true] => Overtime[hoursRate1=17, hoursRate2=0] 
[0, 17, true, false, true, false, false] => Overtime[hoursRate1=10, hoursRate2=0] 
[0, 17, true, false, false, true, true] => Overtime[hoursRate1=17, hoursRate2=0] 
[0, 17, true, false, false, true, false] => Overtime[hoursRate1=10, hoursRate2=0] 
[0, 17, true, false, false, false, true] => Overtime[hoursRate1=17, hoursRate2=0] 
[0, 17, true, false, false, false, false] => Overtime[hoursRate1=10, hoursRate2=0] 
[0, 17, false, true, true, true, true] => Overtime[hoursRate1=17, hoursRate2=0] 
[0, 17, false, true, true, true, false] => Overtime[hoursRate1=17, hoursRate2=0] 
[0, 17, false, true, true, false, true] => Overtime[hoursRate1=10, hoursRate2=7] 
[0, 17, false, true, true, false, false] => Overtime[hoursRate1=10, hoursRate2=7] 
[0, 17, false, true, false, true, true] => Overtime[hoursRate1=17, hoursRate2=0] 
[0, 17, false, true, false, true, false] => Overtime[hoursRate1=17, hoursRate2=0] 
[0, 17, false, true, false, false, true] => Overtime[hoursRate1=10, hoursRate2=7] 
[0, 17, false, true, false, false, false] => Overtime[hoursRate1=10, hoursRate2=7] 
[0, 17, false, false, true, true, true] => Overtime[hoursRate1=17, hoursRate2=0] 
[0, 17, false, false, true, true, false] => Overtime[hoursRate1=17, hoursRate2=0] 
[0, 17, false, false, true, false, true] => Overtime[hoursRate1=10, hoursRate2=7] 
[0, 17, false, false, true, false, false] => Overtime[hoursRate1=10, hoursRate2=7] 
[0, 17, false, false, false, true, true] => Overtime[hoursRate1=17, hoursRate2=0] 
[0, 17, false, false, false, true, false] => Overtime[hoursRate1=17, hoursRate2=0] 
[0, 17, false, false, false, false, true] => Overtime[hoursRate1=17, hoursRate2=0] 
[0, 17, false, false, false, false, false] => Overtime[hoursRate1=17, hoursRate2=0] 
[5, 0, true, true, true, true, true] => Overtime[hoursRate1=0, hoursRate2=0] 
[5, 0, true, true, true, true, false] => Overtime[hoursRate1=0, hoursRate2=0] 
[5, 0, true, true, true, false, true] => Overtime[hoursRate1=0, hoursRate2=0] 
[5, 0, true, true, true, false, false] => Overtime[hoursRate1=0, hoursRate2=0] 
[5, 0, true, true, false, true, true] => Overtime[hoursRate1=0, hoursRate2=0] 
[5, 0, true, true, false, true, false] => Overtime[hoursRate1=0, hoursRate2=0] 
[5, 0, true, true, false, false, true] => Overtime[hoursRate1=0, hoursRate2=0] 
[5, 0, true, true, false, false, false] => Overtime[hoursRate1=0, hoursRate2=0] 
[5, 0, true, false, true, true, true] => Overtime[hoursRate1=0, hoursRate2=0] 
[5, 0, true, false, true, true, false] => Overtime[hoursRate1=0, hoursRate2=0] 
[5, 0, true, false, true, false, true] => Overtime[hoursRate1=0, hoursRate2=0] 
[5, 0, true, false, true, false, false] => Overtime[hoursRate1=0, hoursRate2=0] 
[5, 0, true, false, false, true, true] => Overtime[hoursRate1=0, hoursRate2=0] 
[5, 0, true, false, false, true, false] => Overtime[hoursRate1=0, hoursRate2=0] 
[5, 0, true, false, false, false, true] => Overtime[hoursRate1=0, hoursRate2=0] 
[5, 0, true, false, false, false, false] => Overtime[hoursRate1=0, hoursRate2=0] 
[5, 0, false, true, true, true, true] => Overtime[hoursRate1=0, hoursRate2=0] 
[5, 0, false, true, true, true, false] => Overtime[hoursRate1=0, hoursRate2=0] 
[5, 0, false, true, true, false, true] => Overtime[hoursRate1=0, hoursRate2=0] 
[5, 0, false, true, true, false, false] => Overtime[hoursRate1=0, hoursRate2=0] 
[5, 0, false, true, false, true, true] => Overtime[hoursRate1=0, hoursRate2=0] 
[5, 0, false, true, false, true, false] => Overtime[hoursRate1=0, hoursRate2=0] 
[5, 0, false, true, false, false, true] => Overtime[hoursRate1=0, hoursRate2=0] 
[5, 0, false, true, false, false, false] => Overtime[hoursRate1=0, hoursRate2=0] 
[5, 0, false, false, true, true, true] => Overtime[hoursRate1=0, hoursRate2=0] 
[5, 0, false, false, true, true, false] => Overtime[hoursRate1=0, hoursRate2=0] 
[5, 0, false, false, true, false, true] => Overtime[hoursRate1=0, hoursRate2=0] 
[5, 0, false, false, true, false, false] => Overtime[hoursRate1=0, hoursRate2=0] 
[5, 0, false, false, false, true, true] => Overtime[hoursRate1=0, hoursRate2=0] 
[5, 0, false, false, false, true, false] => Overtime[hoursRate1=0, hoursRate2=0] 
[5, 0, false, false, false, false, true] => Overtime[hoursRate1=0, hoursRate2=0] 
[5, 0, false, false, false, false, false] => Overtime[hoursRate1=0, hoursRate2=0] 
[5, 1, true, true, true, true, true] => Overtime[hoursRate1=1, hoursRate2=0] 
[5, 1, true, true, true, true, false] => Overtime[hoursRate1=1, hoursRate2=0] 
[5, 1, true, true, true, false, true] => Overtime[hoursRate1=1, hoursRate2=0] 
[5, 1, true, true, true, false, false] => Overtime[hoursRate1=1, hoursRate2=0] 
[5, 1, true, true, false, true, true] => Overtime[hoursRate1=1, hoursRate2=0] 
[5, 1, true, true, false, true, false] => Overtime[hoursRate1=1, hoursRate2=0] 
[5, 1, true, true, false, false, true] => Overtime[hoursRate1=1, hoursRate2=0] 
[5, 1, true, true, false, false, false] => Overtime[hoursRate1=1, hoursRate2=0] 
[5, 1, true, false, true, true, true] => Overtime[hoursRate1=1, hoursRate2=0] 
[5, 1, true, false, true, true, false] => Overtime[hoursRate1=1, hoursRate2=0] 
[5, 1, true, false, true, false, true] => Overtime[hoursRate1=1, hoursRate2=0] 
[5, 1, true, false, true, false, false] => Overtime[hoursRate1=1, hoursRate2=0] 
[5, 1, true, false, false, true, true] => Overtime[hoursRate1=1, hoursRate2=0] 
[5, 1, true, false, false, true, false] => Overtime[hoursRate1=1, hoursRate2=0] 
[5, 1, true, false, false, false, true] => Overtime[hoursRate1=1, hoursRate2=0] 
[5, 1, true, false, false, false, false] => Overtime[hoursRate1=1, hoursRate2=0] 
[5, 1, false, true, true, true, true] => Overtime[hoursRate1=1, hoursRate2=0] 
[5, 1, false, true, true, true, false] => Overtime[hoursRate1=1, hoursRate2=0] 
[5, 1, false, true, true, false, true] => Overtime[hoursRate1=1, hoursRate2=0] 
[5, 1, false, true, true, false, false] => Overtime[hoursRate1=1, hoursRate2=0] 
[5, 1, false, true, false, true, true] => Overtime[hoursRate1=1, hoursRate2=0] 
[5, 1, false, true, false, true, false] => Overtime[hoursRate1=1, hoursRate2=0] 
[5, 1, false, true, false, false, true] => Overtime[hoursRate1=1, hoursRate2=0] 
[5, 1, false, true, false, false, false] => Overtime[hoursRate1=1, hoursRate2=0] 
[5, 1, false, false, true, true, true] => Overtime[hoursRate1=1, hoursRate2=0] 
[5, 1, false, false, true, true, false] => Overtime[hoursRate1=1, hoursRate2=0] 
[5, 1, false, false, true, false, true] => Overtime[hoursRate1=1, hoursRate2=0] 
[5, 1, false, false, true, false, false] => Overtime[hoursRate1=1, hoursRate2=0] 
[5, 1, false, false, false, true, true] => Overtime[hoursRate1=1, hoursRate2=0] 
[5, 1, false, false, false, true, false] => Overtime[hoursRate1=1, hoursRate2=0] 
[5, 1, false, false, false, false, true] => Overtime[hoursRate1=1, hoursRate2=0] 
[5, 1, false, false, false, false, false] => Overtime[hoursRate1=1, hoursRate2=0] 
[5, 10, true, true, true, true, true] => Overtime[hoursRate1=10, hoursRate2=0] 
[5, 10, true, true, true, true, false] => Overtime[hoursRate1=10, hoursRate2=0] 
[5, 10, true, true, true, false, true] => Overtime[hoursRate1=10, hoursRate2=0] 
[5, 10, true, true, true, false, false] => Overtime[hoursRate1=10, hoursRate2=0] 
[5, 10, true, true, false, true, true] => Overtime[hoursRate1=10, hoursRate2=0] 
[5, 10, true, true, false, true, false] => Overtime[hoursRate1=10, hoursRate2=0] 
[5, 10, true, true, false, false, true] => Overtime[hoursRate1=10, hoursRate2=0] 
[5, 10, true, true, false, false, false] => Overtime[hoursRate1=10, hoursRate2=0] 
[5, 10, true, false, true, true, true] => Overtime[hoursRate1=10, hoursRate2=0] 
[5, 10, true, false, true, true, false] => Overtime[hoursRate1=10, hoursRate2=0] 
[5, 10, true, false, true, false, true] => Overtime[hoursRate1=10, hoursRate2=0] 
[5, 10, true, false, true, false, false] => Overtime[hoursRate1=10, hoursRate2=0] 
[5, 10, true, false, false, true, true] => Overtime[hoursRate1=10, hoursRate2=0] 
[5, 10, true, false, false, true, false] => Overtime[hoursRate1=10, hoursRate2=0] 
[5, 10, true, false, false, false, true] => Overtime[hoursRate1=10, hoursRate2=0] 
[5, 10, true, false, false, false, false] => Overtime[hoursRate1=10, hoursRate2=0] 
[5, 10, false, true, true, true, true] => Overtime[hoursRate1=10, hoursRate2=0] 
[5, 10, false, true, true, true, false] => Overtime[hoursRate1=10, hoursRate2=0] 
[5, 10, false, true, true, false, true] => Overtime[hoursRate1=10, hoursRate2=0] 
[5, 10, false, true, true, false, false] => Overtime[hoursRate1=10, hoursRate2=0] 
[5, 10, false, true, false, true, true] => Overtime[hoursRate1=10, hoursRate2=0] 
[5, 10, false, true, false, true, false] => Overtime[hoursRate1=10, hoursRate2=0] 
[5, 10, false, true, false, false, true] => Overtime[hoursRate1=10, hoursRate2=0] 
[5, 10, false, true, false, false, false] => Overtime[hoursRate1=10, hoursRate2=0] 
[5, 10, false, false, true, true, true] => Overtime[hoursRate1=10, hoursRate2=0] 
[5, 10, false, false, true, true, false] => Overtime[hoursRate1=10, hoursRate2=0] 
[5, 10, false, false, true, false, true] => Overtime[hoursRate1=10, hoursRate2=0] 
[5, 10, false, false, true, false, false] => Overtime[hoursRate1=10, hoursRate2=0] 
[5, 10, false, false, false, true, true] => Overtime[hoursRate1=10, hoursRate2=0] 
[5, 10, false, false, false, true, false] => Overtime[hoursRate1=10, hoursRate2=0] 
[5, 10, false, false, false, false, true] => Overtime[hoursRate1=10, hoursRate2=0] 
[5, 10, false, false, false, false, false] => Overtime[hoursRate1=10, hoursRate2=0] 
[5, 12, true, true, true, true, true] => Overtime[hoursRate1=12, hoursRate2=0] 
[5, 12, true, true, true, true, false] => Overtime[hoursRate1=12, hoursRate2=0] 
[5, 12, true, true, true, false, true] => Overtime[hoursRate1=12, hoursRate2=0] 
[5, 12, true, true, true, false, false] => Overtime[hoursRate1=12, hoursRate2=0] 
[5, 12, true, true, false, true, true] => Overtime[hoursRate1=12, hoursRate2=0] 
[5, 12, true, true, false, true, false] => Overtime[hoursRate1=12, hoursRate2=0] 
[5, 12, true, true, false, false, true] => Overtime[hoursRate1=12, hoursRate2=0] 
[5, 12, true, true, false, false, false] => Overtime[hoursRate1=12, hoursRate2=0] 
[5, 12, true, false, true, true, true] => Overtime[hoursRate1=12, hoursRate2=0] 
[5, 12, true, false, true, true, false] => Overtime[hoursRate1=10, hoursRate2=2] 
[5, 12, true, false, true, false, true] => Overtime[hoursRate1=12, hoursRate2=0] 
[5, 12, true, false, true, false, false] => Overtime[hoursRate1=10, hoursRate2=2] 
[5, 12, true, false, false, true, true] => Overtime[hoursRate1=12, hoursRate2=0] 
[5, 12, true, false, false, true, false] => Overtime[hoursRate1=10, hoursRate2=2] 
[5, 12, true, false, false, false, true] => Overtime[hoursRate1=12, hoursRate2=0] 
[5, 12, true, false, false, false, false] => Overtime[hoursRate1=10, hoursRate2=2] 
[5, 12, false, true, true, true, true] => Overtime[hoursRate1=12, hoursRate2=0] 
[5, 12, false, true, true, true, false] => Overtime[hoursRate1=12, hoursRate2=0] 
[5, 12, false, true, true, false, true] => Overtime[hoursRate1=10, hoursRate2=2] 
[5, 12, false, true, true, false, false] => Overtime[hoursRate1=10, hoursRate2=2] 
[5, 12, false, true, false, true, true] => Overtime[hoursRate1=12, hoursRate2=0] 
[5, 12, false, true, false, true, false] => Overtime[hoursRate1=12, hoursRate2=0] 
[5, 12, false, true, false, false, true] => Overtime[hoursRate1=10, hoursRate2=2] 
[5, 12, false, true, false, false, false] => Overtime[hoursRate1=10, hoursRate2=2] 
[5, 12, false, false, true, true, true] => Overtime[hoursRate1=12, hoursRate2=0] 
[5, 12, false, false, true, true, false] => Overtime[hoursRate1=12, hoursRate2=0] 
[5, 12, false, false, true, false, true] => Overtime[hoursRate1=10, hoursRate2=2] 
[5, 12, false, false, true, false, false] => Overtime[hoursRate1=10, hoursRate2=2] 
[5, 12, false, false, false, true, true] => Overtime[hoursRate1=12, hoursRate2=0] 
[5, 12, false, false, false, true, false] => Overtime[hoursRate1=12, hoursRate2=0] 
[5, 12, false, false, false, false, true] => Overtime[hoursRate1=12, hoursRate2=0] 
[5, 12, false, false, false, false, false] => Overtime[hoursRate1=12, hoursRate2=0] 
[5, 17, true, true, true, true, true] => Overtime[hoursRate1=17, hoursRate2=0] 
[5, 17, true, true, true, true, false] => Overtime[hoursRate1=17, hoursRate2=0] 
[5, 17, true, true, true, false, true] => Overtime[hoursRate1=17, hoursRate2=0] 
[5, 17, true, true, true, false, false] => Overtime[hoursRate1=17, hoursRate2=0] 
[5, 17, true, true, false, true, true] => Overtime[hoursRate1=17, hoursRate2=0] 
[5, 17, true, true, false, true, false] => Overtime[hoursRate1=17, hoursRate2=0] 
[5, 17, true, true, false, false, true] => Overtime[hoursRate1=17, hoursRate2=0] 
[5, 17, true, true, false, false, false] => Overtime[hoursRate1=17, hoursRate2=0] 
[5, 17, true, false, true, true, true] => Overtime[hoursRate1=17, hoursRate2=0] 
[5, 17, true, false, true, true, false] => Overtime[hoursRate1=10, hoursRate2=5] 
[5, 17, true, false, true, false, true] => Overtime[hoursRate1=17, hoursRate2=0] 
[5, 17, true, false, true, false, false] => Overtime[hoursRate1=10, hoursRate2=5] 
[5, 17, true, false, false, true, true] => Overtime[hoursRate1=17, hoursRate2=0] 
[5, 17, true, false, false, true, false] => Overtime[hoursRate1=10, hoursRate2=5] 
[5, 17, true, false, false, false, true] => Overtime[hoursRate1=17, hoursRate2=0] 
[5, 17, true, false, false, false, false] => Overtime[hoursRate1=10, hoursRate2=5] 
[5, 17, false, true, true, true, true] => Overtime[hoursRate1=17, hoursRate2=0] 
[5, 17, false, true, true, true, false] => Overtime[hoursRate1=17, hoursRate2=0] 
[5, 17, false, true, true, false, true] => Overtime[hoursRate1=10, hoursRate2=7] 
[5, 17, false, true, true, false, false] => Overtime[hoursRate1=10, hoursRate2=7] 
[5, 17, false, true, false, true, true] => Overtime[hoursRate1=17, hoursRate2=0] 
[5, 17, false, true, false, true, false] => Overtime[hoursRate1=17, hoursRate2=0] 
[5, 17, false, true, false, false, true] => Overtime[hoursRate1=10, hoursRate2=7] 
[5, 17, false, true, false, false, false] => Overtime[hoursRate1=10, hoursRate2=7] 
[5, 17, false, false, true, true, true] => Overtime[hoursRate1=17, hoursRate2=0] 
[5, 17, false, false, true, true, false] => Overtime[hoursRate1=17, hoursRate2=0] 
[5, 17, false, false, true, false, true] => Overtime[hoursRate1=10, hoursRate2=7] 
[5, 17, false, false, true, false, false] => Overtime[hoursRate1=10, hoursRate2=7] 
[5, 17, false, false, false, true, true] => Overtime[hoursRate1=17, hoursRate2=0] 
[5, 17, false, false, false, true, false] => Overtime[hoursRate1=17, hoursRate2=0] 
[5, 17, false, false, false, false, true] => Overtime[hoursRate1=17, hoursRate2=0] 
[5, 17, false, false, false, false, false] => Overtime[hoursRate1=17, hoursRate2=0] 
[6, 0, true, true, true, true, true] => Overtime[hoursRate1=0, hoursRate2=0] 
[6, 0, true, true, true, true, false] => Overtime[hoursRate1=0, hoursRate2=0] 
[6, 0, true, true, true, false, true] => Overtime[hoursRate1=0, hoursRate2=0] 
[6, 0, true, true, true, false, false] => Overtime[hoursRate1=0, hoursRate2=0] 
[6, 0, true, true, false, true, true] => Overtime[hoursRate1=0, hoursRate2=0] 
[6, 0, true, true, false, true, false] => Overtime[hoursRate1=0, hoursRate2=0] 
[6, 0, true, true, false, false, true] => Overtime[hoursRate1=0, hoursRate2=0] 
[6, 0, true, true, false, false, false] => Overtime[hoursRate1=0, hoursRate2=0] 
[6, 0, true, false, true, true, true] => Overtime[hoursRate1=0, hoursRate2=0] 
[6, 0, true, false, true, true, false] => Overtime[hoursRate1=0, hoursRate2=0] 
[6, 0, true, false, true, false, true] => Overtime[hoursRate1=0, hoursRate2=0] 
[6, 0, true, false, true, false, false] => Overtime[hoursRate1=0, hoursRate2=0] 
[6, 0, true, false, false, true, true] => Overtime[hoursRate1=0, hoursRate2=0] 
[6, 0, true, false, false, true, false] => Overtime[hoursRate1=0, hoursRate2=0] 
[6, 0, true, false, false, false, true] => Overtime[hoursRate1=0, hoursRate2=0] 
[6, 0, true, false, false, false, false] => Overtime[hoursRate1=0, hoursRate2=0] 
[6, 0, false, true, true, true, true] => Overtime[hoursRate1=0, hoursRate2=0] 
[6, 0, false, true, true, true, false] => Overtime[hoursRate1=0, hoursRate2=0] 
[6, 0, false, true, true, false, true] => Overtime[hoursRate1=0, hoursRate2=0] 
[6, 0, false, true, true, false, false] => Overtime[hoursRate1=0, hoursRate2=0] 
[6, 0, false, true, false, true, true] => Overtime[hoursRate1=0, hoursRate2=0] 
[6, 0, false, true, false, true, false] => Overtime[hoursRate1=0, hoursRate2=0] 
[6, 0, false, true, false, false, true] => Overtime[hoursRate1=0, hoursRate2=0] 
[6, 0, false, true, false, false, false] => Overtime[hoursRate1=0, hoursRate2=0] 
[6, 0, false, false, true, true, true] => Overtime[hoursRate1=0, hoursRate2=0] 
[6, 0, false, false, true, true, false] => Overtime[hoursRate1=0, hoursRate2=0] 
[6, 0, false, false, true, false, true] => Overtime[hoursRate1=0, hoursRate2=0] 
[6, 0, false, false, true, false, false] => Overtime[hoursRate1=0, hoursRate2=0] 
[6, 0, false, false, false, true, true] => Overtime[hoursRate1=0, hoursRate2=0] 
[6, 0, false, false, false, true, false] => Overtime[hoursRate1=0, hoursRate2=0] 
[6, 0, false, false, false, false, true] => Overtime[hoursRate1=0, hoursRate2=0] 
[6, 0, false, false, false, false, false] => Overtime[hoursRate1=0, hoursRate2=0] 
[6, 1, true, true, true, true, true] => Overtime[hoursRate1=1, hoursRate2=0] 
[6, 1, true, true, true, true, false] => Overtime[hoursRate1=1, hoursRate2=0] 
[6, 1, true, true, true, false, true] => Overtime[hoursRate1=1, hoursRate2=0] 
[6, 1, true, true, true, false, false] => Overtime[hoursRate1=1, hoursRate2=0] 
[6, 1, true, true, false, true, true] => Overtime[hoursRate1=1, hoursRate2=0] 
[6, 1, true, true, false, true, false] => Overtime[hoursRate1=1, hoursRate2=0] 
[6, 1, true, true, false, false, true] => Overtime[hoursRate1=1, hoursRate2=0] 
[6, 1, true, true, false, false, false] => Overtime[hoursRate1=1, hoursRate2=0] 
[6, 1, true, false, true, true, true] => Overtime[hoursRate1=1, hoursRate2=0] 
[6, 1, true, false, true, true, false] => Overtime[hoursRate1=1, hoursRate2=0] 
[6, 1, true, false, true, false, true] => Overtime[hoursRate1=1, hoursRate2=0] 
[6, 1, true, false, true, false, false] => Overtime[hoursRate1=1, hoursRate2=0] 
[6, 1, true, false, false, true, true] => Overtime[hoursRate1=1, hoursRate2=0] 
[6, 1, true, false, false, true, false] => Overtime[hoursRate1=1, hoursRate2=0] 
[6, 1, true, false, false, false, true] => Overtime[hoursRate1=1, hoursRate2=0] 
[6, 1, true, false, false, false, false] => Overtime[hoursRate1=1, hoursRate2=0] 
[6, 1, false, true, true, true, true] => Overtime[hoursRate1=1, hoursRate2=0] 
[6, 1, false, true, true, true, false] => Overtime[hoursRate1=1, hoursRate2=0] 
[6, 1, false, true, true, false, true] => Overtime[hoursRate1=1, hoursRate2=0] 
[6, 1, false, true, true, false, false] => Overtime[hoursRate1=1, hoursRate2=0] 
[6, 1, false, true, false, true, true] => Overtime[hoursRate1=1, hoursRate2=0] 
[6, 1, false, true, false, true, false] => Overtime[hoursRate1=1, hoursRate2=0] 
[6, 1, false, true, false, false, true] => Overtime[hoursRate1=1, hoursRate2=0] 
[6, 1, false, true, false, false, false] => Overtime[hoursRate1=1, hoursRate2=0] 
[6, 1, false, false, true, true, true] => Overtime[hoursRate1=1, hoursRate2=0] 
[6, 1, false, false, true, true, false] => Overtime[hoursRate1=1, hoursRate2=0] 
[6, 1, false, false, true, false, true] => Overtime[hoursRate1=1, hoursRate2=0] 
[6, 1, false, false, true, false, false] => Overtime[hoursRate1=1, hoursRate2=0] 
[6, 1, false, false, false, true, true] => Overtime[hoursRate1=1, hoursRate2=0] 
[6, 1, false, false, false, true, false] => Overtime[hoursRate1=1, hoursRate2=0] 
[6, 1, false, false, false, false, true] => Overtime[hoursRate1=1, hoursRate2=0] 
[6, 1, false, false, false, false, false] => Overtime[hoursRate1=1, hoursRate2=0] 
[6, 10, true, true, true, true, true] => Overtime[hoursRate1=10, hoursRate2=0] 
[6, 10, true, true, true, true, false] => Overtime[hoursRate1=10, hoursRate2=0] 
[6, 10, true, true, true, false, true] => Overtime[hoursRate1=10, hoursRate2=0] 
[6, 10, true, true, true, false, false] => Overtime[hoursRate1=10, hoursRate2=0] 
[6, 10, true, true, false, true, true] => Overtime[hoursRate1=10, hoursRate2=0] 
[6, 10, true, true, false, true, false] => Overtime[hoursRate1=10, hoursRate2=0] 
[6, 10, true, true, false, false, true] => Overtime[hoursRate1=10, hoursRate2=0] 
[6, 10, true, true, false, false, false] => Overtime[hoursRate1=10, hoursRate2=0] 
[6, 10, true, false, true, true, true] => Overtime[hoursRate1=10, hoursRate2=0] 
[6, 10, true, false, true, true, false] => Overtime[hoursRate1=10, hoursRate2=0] 
[6, 10, true, false, true, false, true] => Overtime[hoursRate1=10, hoursRate2=0] 
[6, 10, true, false, true, false, false] => Overtime[hoursRate1=10, hoursRate2=0] 
[6, 10, true, false, false, true, true] => Overtime[hoursRate1=10, hoursRate2=0] 
[6, 10, true, false, false, true, false] => Overtime[hoursRate1=10, hoursRate2=0] 
[6, 10, true, false, false, false, true] => Overtime[hoursRate1=10, hoursRate2=0] 
[6, 10, true, false, false, false, false] => Overtime[hoursRate1=10, hoursRate2=0] 
[6, 10, false, true, true, true, true] => Overtime[hoursRate1=10, hoursRate2=0] 
[6, 10, false, true, true, true, false] => Overtime[hoursRate1=10, hoursRate2=0] 
[6, 10, false, true, true, false, true] => Overtime[hoursRate1=10, hoursRate2=0] 
[6, 10, false, true, true, false, false] => Overtime[hoursRate1=10, hoursRate2=0] 
[6, 10, false, true, false, true, true] => Overtime[hoursRate1=10, hoursRate2=0] 
[6, 10, false, true, false, true, false] => Overtime[hoursRate1=10, hoursRate2=0] 
[6, 10, false, true, false, false, true] => Overtime[hoursRate1=10, hoursRate2=0] 
[6, 10, false, true, false, false, false] => Overtime[hoursRate1=10, hoursRate2=0] 
[6, 10, false, false, true, true, true] => Overtime[hoursRate1=10, hoursRate2=0] 
[6, 10, false, false, true, true, false] => Overtime[hoursRate1=10, hoursRate2=0] 
[6, 10, false, false, true, false, true] => Overtime[hoursRate1=10, hoursRate2=0] 
[6, 10, false, false, true, false, false] => Overtime[hoursRate1=10, hoursRate2=0] 
[6, 10, false, false, false, true, true] => Overtime[hoursRate1=10, hoursRate2=0] 
[6, 10, false, false, false, true, false] => Overtime[hoursRate1=10, hoursRate2=0] 
[6, 10, false, false, false, false, true] => Overtime[hoursRate1=10, hoursRate2=0] 
[6, 10, false, false, false, false, false] => Overtime[hoursRate1=10, hoursRate2=0] 
[6, 12, true, true, true, true, true] => Overtime[hoursRate1=12, hoursRate2=0] 
[6, 12, true, true, true, true, false] => Overtime[hoursRate1=12, hoursRate2=0] 
[6, 12, true, true, true, false, true] => Overtime[hoursRate1=12, hoursRate2=0] 
[6, 12, true, true, true, false, false] => Overtime[hoursRate1=12, hoursRate2=0] 
[6, 12, true, true, false, true, true] => Overtime[hoursRate1=12, hoursRate2=0] 
[6, 12, true, true, false, true, false] => Overtime[hoursRate1=12, hoursRate2=0] 
[6, 12, true, true, false, false, true] => Overtime[hoursRate1=12, hoursRate2=0] 
[6, 12, true, true, false, false, false] => Overtime[hoursRate1=12, hoursRate2=0] 
[6, 12, true, false, true, true, true] => Overtime[hoursRate1=12, hoursRate2=0] 
[6, 12, true, false, true, true, false] => Overtime[hoursRate1=10, hoursRate2=2] 
[6, 12, true, false, true, false, true] => Overtime[hoursRate1=12, hoursRate2=0] 
[6, 12, true, false, true, false, false] => Overtime[hoursRate1=10, hoursRate2=2] 
[6, 12, true, false, false, true, true] => Overtime[hoursRate1=12, hoursRate2=0] 
[6, 12, true, false, false, true, false] => Overtime[hoursRate1=10, hoursRate2=2] 
[6, 12, true, false, false, false, true] => Overtime[hoursRate1=12, hoursRate2=0] 
[6, 12, true, false, false, false, false] => Overtime[hoursRate1=10, hoursRate2=2] 
[6, 12, false, true, true, true, true] => Overtime[hoursRate1=12, hoursRate2=0] 
[6, 12, false, true, true, true, false] => Overtime[hoursRate1=12, hoursRate2=0] 
[6, 12, false, true, true, false, true] => Overtime[hoursRate1=10, hoursRate2=2] 
[6, 12, false, true, true, false, false] => Overtime[hoursRate1=10, hoursRate2=2] 
[6, 12, false, true, false, true, true] => Overtime[hoursRate1=12, hoursRate2=0] 
[6, 12, false, true, false, true, false] => Overtime[hoursRate1=12, hoursRate2=0] 
[6, 12, false, true, false, false, true] => Overtime[hoursRate1=10, hoursRate2=2] 
[6, 12, false, true, false, false, false] => Overtime[hoursRate1=10, hoursRate2=2] 
[6, 12, false, false, true, true, true] => Overtime[hoursRate1=12, hoursRate2=0] 
[6, 12, false, false, true, true, false] => Overtime[hoursRate1=12, hoursRate2=0] 
[6, 12, false, false, true, false, true] => Overtime[hoursRate1=10, hoursRate2=2] 
[6, 12, false, false, true, false, false] => Overtime[hoursRate1=10, hoursRate2=2] 
[6, 12, false, false, false, true, true] => Overtime[hoursRate1=12, hoursRate2=0] 
[6, 12, false, false, false, true, false] => Overtime[hoursRate1=12, hoursRate2=0] 
[6, 12, false, false, false, false, true] => Overtime[hoursRate1=12, hoursRate2=0] 
[6, 12, false, false, false, false, false] => Overtime[hoursRate1=12, hoursRate2=0] 
[6, 17, true, true, true, true, true] => Overtime[hoursRate1=17, hoursRate2=0] 
[6, 17, true, true, true, true, false] => Overtime[hoursRate1=17, hoursRate2=0] 
[6, 17, true, true, true, false, true] => Overtime[hoursRate1=17, hoursRate2=0] 
[6, 17, true, true, true, false, false] => Overtime[hoursRate1=17, hoursRate2=0] 
[6, 17, true, true, false, true, true] => Overtime[hoursRate1=17, hoursRate2=0] 
[6, 17, true, true, false, true, false] => Overtime[hoursRate1=17, hoursRate2=0] 
[6, 17, true, true, false, false, true] => Overtime[hoursRate1=17, hoursRate2=0] 
[6, 17, true, true, false, false, false] => Overtime[hoursRate1=17, hoursRate2=0] 
[6, 17, true, false, true, true, true] => Overtime[hoursRate1=17, hoursRate2=0] 
[6, 17, true, false, true, true, false] => Overtime[hoursRate1=10, hoursRate2=6] 
[6, 17, true, false, true, false, true] => Overtime[hoursRate1=17, hoursRate2=0] 
[6, 17, true, false, true, false, false] => Overtime[hoursRate1=10, hoursRate2=6] 
[6, 17, true, false, false, true, true] => Overtime[hoursRate1=17, hoursRate2=0] 
[6, 17, true, false, false, true, false] => Overtime[hoursRate1=10, hoursRate2=6] 
[6, 17, true, false, false, false, true] => Overtime[hoursRate1=17, hoursRate2=0] 
[6, 17, true, false, false, false, false] => Overtime[hoursRate1=10, hoursRate2=6] 
[6, 17, false, true, true, true, true] => Overtime[hoursRate1=17, hoursRate2=0] 
[6, 17, false, true, true, true, false] => Overtime[hoursRate1=17, hoursRate2=0] 
[6, 17, false, true, true, false, true] => Overtime[hoursRate1=10, hoursRate2=7] 
[6, 17, false, true, true, false, false] => Overtime[hoursRate1=10, hoursRate2=7] 
[6, 17, false, true, false, true, true] => Overtime[hoursRate1=17, hoursRate2=0] 
[6, 17, false, true, false, true, false] => Overtime[hoursRate1=17, hoursRate2=0] 
[6, 17, false, true, false, false, true] => Overtime[hoursRate1=10, hoursRate2=7] 
[6, 17, false, true, false, false, false] => Overtime[hoursRate1=10, hoursRate2=7] 
[6, 17, false, false, true, true, true] => Overtime[hoursRate1=17, hoursRate2=0] 
[6, 17, false, false, true, true, false] => Overtime[hoursRate1=17, hoursRate2=0] 
[6, 17, false, false, true, false, true] => Overtime[hoursRate1=10, hoursRate2=7] 
[6, 17, false, false, true, false, false] => Overtime[hoursRate1=10, hoursRate2=7] 
[6, 17, false, false, false, true, true] => Overtime[hoursRate1=17, hoursRate2=0] 
[6, 17, false, false, false, true, false] => Overtime[hoursRate1=17, hoursRate2=0] 
[6, 17, false, false, false, false, true] => Overtime[hoursRate1=17, hoursRate2=0] 
[6, 17, false, false, false, false, false] => Overtime[hoursRate1=17, hoursRate2=0] 
