[1.0,Assignment -> isUnionized: True, duration: 00:01:00,Briefing -> Watcode: True, Z3: True, Foreign: True, Hbmo: True] => Overtime -> {"hoursRate1":1.0,"hoursRate2":0}
[1.0,Assignment -> isUnionized: True, duration: 00:01:00,Briefing -> Watcode: False, Z3: True, Foreign: True, Hbmo: True] => Overtime -> {"hoursRate1":1.0,"hoursRate2":0}
[1.0,Assignment -> isUnionized: True, duration: 00:01:00,Briefing -> Watcode: False, Z3: False, Foreign: True, Hbmo: True] => Overtime -> {"hoursRate1":1.0,"hoursRate2":0}
[1.0,Assignment -> isUnionized: True, duration: 00:02:00,Briefing -> Watcode: True, Z3: True, Foreign: True, Hbmo: True] => Overtime -> {"hoursRate1":1.0,"hoursRate2":0}
[1.0,Assignment -> isUnionized: True, duration: 00:02:00,Briefing -> Watcode: False, Z3: True, Foreign: True, Hbmo: True] => Overtime -> {"hoursRate1":1.0,"hoursRate2":0}
[1.0,Assignment -> isUnionized: True, duration: 00:02:00,Briefing -> Watcode: False, Z3: False, Foreign: True, Hbmo: True] => Overtime -> {"hoursRate1":1.0,"hoursRate2":0}
[1.0,Assignment -> isUnionized: True, duration: 00:05:00,Briefing -> Watcode: True, Z3: True, Foreign: True, Hbmo: True] => Overtime -> {"hoursRate1":1.0,"hoursRate2":0}
[1.0,Assignment -> isUnionized: True, duration: 00:05:00,Briefing -> Watcode: False, Z3: True, Foreign: True, Hbmo: True] => Overtime -> {"hoursRate1":1.0,"hoursRate2":0}
[1.0,Assignment -> isUnionized: True, duration: 00:05:00,Briefing -> Watcode: False, Z3: False, Foreign: True, Hbmo: True] => Overtime -> {"hoursRate1":1.0,"hoursRate2":0}
[3.5,Assignment -> isUnionized: True, duration: 00:01:00,Briefing -> Watcode: True, Z3: True, Foreign: True, Hbmo: True] => Overtime -> {"hoursRate1":3.5,"hoursRate2":0}
[3.5,Assignment -> isUnionized: True, duration: 00:01:00,Briefing -> Watcode: False, Z3: True, Foreign: True, Hbmo: True] => Overtime -> {"hoursRate1":3.5,"hoursRate2":0}
[3.5,Assignment -> isUnionized: True, duration: 00:01:00,Briefing -> Watcode: False, Z3: False, Foreign: True, Hbmo: True] => Overtime -> {"hoursRate1":3.5,"hoursRate2":0}
[3.5,Assignment -> isUnionized: True, duration: 00:02:00,Briefing -> Watcode: True, Z3: True, Foreign: True, Hbmo: True] => Overtime -> {"hoursRate1":3.5,"hoursRate2":0}
[3.5,Assignment -> isUnionized: True, duration: 00:02:00,Briefing -> Watcode: False, Z3: True, Foreign: True, Hbmo: True] => Overtime -> {"hoursRate1":3.5,"hoursRate2":0}
[3.5,Assignment -> isUnionized: True, duration: 00:02:00,Briefing -> Watcode: False, Z3: False, Foreign: True, Hbmo: True] => Overtime -> {"hoursRate1":3.5,"hoursRate2":0}
[3.5,Assignment -> isUnionized: True, duration: 00:05:00,Briefing -> Watcode: True, Z3: True, Foreign: True, Hbmo: True] => Overtime -> {"hoursRate1":3.5,"hoursRate2":0}
[3.5,Assignment -> isUnionized: True, duration: 00:05:00,Briefing -> Watcode: False, Z3: True, Foreign: True, Hbmo: True] => Overtime -> {"hoursRate1":3.5,"hoursRate2":0}
[3.5,Assignment -> isUnionized: True, duration: 00:05:00,Briefing -> Watcode: False, Z3: False, Foreign: True, Hbmo: True] => Overtime -> {"hoursRate1":3.5,"hoursRate2":0}
[6.8,Assignment -> isUnionized: True, duration: 00:01:00,Briefing -> Watcode: True, Z3: True, Foreign: True, Hbmo: True] => Overtime -> {"hoursRate1":6.8,"hoursRate2":0}
[6.8,Assignment -> isUnionized: True, duration: 00:01:00,Briefing -> Watcode: False, Z3: True, Foreign: True, Hbmo: True] => Overtime -> {"hoursRate1":6.8,"hoursRate2":0}
[6.8,Assignment -> isUnionized: True, duration: 00:01:00,Briefing -> Watcode: False, Z3: False, Foreign: True, Hbmo: True] => Overtime -> {"hoursRate1":6.8,"hoursRate2":0}
[6.8,Assignment -> isUnionized: True, duration: 00:02:00,Briefing -> Watcode: True, Z3: True, Foreign: True, Hbmo: True] => Overtime -> {"hoursRate1":6.8,"hoursRate2":0}
[6.8,Assignment -> isUnionized: True, duration: 00:02:00,Briefing -> Watcode: False, Z3: True, Foreign: True, Hbmo: True] => Overtime -> {"hoursRate1":6.8,"hoursRate2":0}
[6.8,Assignment -> isUnionized: True, duration: 00:02:00,Briefing -> Watcode: False, Z3: False, Foreign: True, Hbmo: True] => Overtime -> {"hoursRate1":6.8,"hoursRate2":0}
[6.8,Assignment -> isUnionized: True, duration: 00:05:00,Briefing -> Watcode: True, Z3: True, Foreign: True, Hbmo: True] => Overtime -> {"hoursRate1":6.8,"hoursRate2":0}
[6.8,Assignment -> isUnionized: True, duration: 00:05:00,Briefing -> Watcode: False, Z3: True, Foreign: True, Hbmo: True] => Overtime -> {"hoursRate1":6.8,"hoursRate2":0}
[6.8,Assignment -> isUnionized: True, duration: 00:05:00,Briefing -> Watcode: False, Z3: False, Foreign: True, Hbmo: True] => Overtime -> {"hoursRate1":6.8,"hoursRate2":0}
