[1.0,Assignment -> {"isUnionized":true,"duration":"00:01:00"},Briefing -> {"Watcode":true,"Z3":true,"Foreign":true,"Hbmo":true}] => Overtime -> {"hoursRate1":1.0,"hoursRate2":0}
[1.0,Assignment -> {"isUnionized":true,"duration":"00:01:00"},Briefing -> {"Watcode":false,"Z3":true,"Foreign":true,"Hbmo":true}] => Overtime -> {"hoursRate1":1.0,"hoursRate2":0}
[1.0,Assignment -> {"isUnionized":true,"duration":"00:01:00"},Briefing -> {"Watcode":false,"Z3":false,"Foreign":true,"Hbmo":true}] => Overtime -> {"hoursRate1":1.0,"hoursRate2":0}
[1.0,Assignment -> {"isUnionized":true,"duration":"00:02:00"},Briefing -> {"Watcode":true,"Z3":true,"Foreign":true,"Hbmo":true}] => Overtime -> {"hoursRate1":1.0,"hoursRate2":0}
[1.0,Assignment -> {"isUnionized":true,"duration":"00:02:00"},Briefing -> {"Watcode":false,"Z3":true,"Foreign":true,"Hbmo":true}] => Overtime -> {"hoursRate1":1.0,"hoursRate2":0}
[1.0,Assignment -> {"isUnionized":true,"duration":"00:02:00"},Briefing -> {"Watcode":false,"Z3":false,"Foreign":true,"Hbmo":true}] => Overtime -> {"hoursRate1":1.0,"hoursRate2":0}
[1.0,Assignment -> {"isUnionized":true,"duration":"00:02:00"},Briefing -> {"Watcode":true,"Z3":true,"Foreign":true,"Hbmo":true}] => Overtime -> {"hoursRate1":1.0,"hoursRate2":0}
[1.0,Assignment -> {"isUnionized":true,"duration":"00:02:00"},Briefing -> {"Watcode":false,"Z3":true,"Foreign":true,"Hbmo":true}] => Overtime -> {"hoursRate1":1.0,"hoursRate2":0}
[1.0,Assignment -> {"isUnionized":true,"duration":"00:02:00"},Briefing -> {"Watcode":false,"Z3":false,"Foreign":true,"Hbmo":true}] => Overtime -> {"hoursRate1":1.0,"hoursRate2":0}
[3.5,Assignment -> {"isUnionized":true,"duration":"00:01:00"},Briefing -> {"Watcode":true,"Z3":true,"Foreign":true,"Hbmo":true}] => Overtime -> {"hoursRate1":3.5,"hoursRate2":0}
[3.5,Assignment -> {"isUnionized":true,"duration":"00:01:00"},Briefing -> {"Watcode":false,"Z3":true,"Foreign":true,"Hbmo":true}] => Overtime -> {"hoursRate1":3.5,"hoursRate2":0}
[3.5,Assignment -> {"isUnionized":true,"duration":"00:01:00"},Briefing -> {"Watcode":false,"Z3":false,"Foreign":true,"Hbmo":true}] => Overtime -> {"hoursRate1":3.5,"hoursRate2":0}
[3.5,Assignment -> {"isUnionized":true,"duration":"00:02:00"},Briefing -> {"Watcode":true,"Z3":true,"Foreign":true,"Hbmo":true}] => Overtime -> {"hoursRate1":3.5,"hoursRate2":0}
[3.5,Assignment -> {"isUnionized":true,"duration":"00:02:00"},Briefing -> {"Watcode":false,"Z3":true,"Foreign":true,"Hbmo":true}] => Overtime -> {"hoursRate1":3.5,"hoursRate2":0}
[3.5,Assignment -> {"isUnionized":true,"duration":"00:02:00"},Briefing -> {"Watcode":false,"Z3":false,"Foreign":true,"Hbmo":true}] => Overtime -> {"hoursRate1":3.5,"hoursRate2":0}
[3.5,Assignment -> {"isUnionized":true,"duration":"00:02:00"},Briefing -> {"Watcode":true,"Z3":true,"Foreign":true,"Hbmo":true}] => Overtime -> {"hoursRate1":3.5,"hoursRate2":0}
[3.5,Assignment -> {"isUnionized":true,"duration":"00:02:00"},Briefing -> {"Watcode":false,"Z3":true,"Foreign":true,"Hbmo":true}] => Overtime -> {"hoursRate1":3.5,"hoursRate2":0}
[3.5,Assignment -> {"isUnionized":true,"duration":"00:02:00"},Briefing -> {"Watcode":false,"Z3":false,"Foreign":true,"Hbmo":true}] => Overtime -> {"hoursRate1":3.5,"hoursRate2":0}
[6.8,Assignment -> {"isUnionized":true,"duration":"00:01:00"},Briefing -> {"Watcode":true,"Z3":true,"Foreign":true,"Hbmo":true}] => Overtime -> {"hoursRate1":6.8,"hoursRate2":0}
[6.8,Assignment -> {"isUnionized":true,"duration":"00:01:00"},Briefing -> {"Watcode":false,"Z3":true,"Foreign":true,"Hbmo":true}] => Overtime -> {"hoursRate1":6.8,"hoursRate2":0}
[6.8,Assignment -> {"isUnionized":true,"duration":"00:01:00"},Briefing -> {"Watcode":false,"Z3":false,"Foreign":true,"Hbmo":true}] => Overtime -> {"hoursRate1":6.8,"hoursRate2":0}
[6.8,Assignment -> {"isUnionized":true,"duration":"00:02:00"},Briefing -> {"Watcode":true,"Z3":true,"Foreign":true,"Hbmo":true}] => Overtime -> {"hoursRate1":6.8,"hoursRate2":0}
[6.8,Assignment -> {"isUnionized":true,"duration":"00:02:00"},Briefing -> {"Watcode":false,"Z3":true,"Foreign":true,"Hbmo":true}] => Overtime -> {"hoursRate1":6.8,"hoursRate2":0}
[6.8,Assignment -> {"isUnionized":true,"duration":"00:02:00"},Briefing -> {"Watcode":false,"Z3":false,"Foreign":true,"Hbmo":true}] => Overtime -> {"hoursRate1":6.8,"hoursRate2":0}
[6.8,Assignment -> {"isUnionized":true,"duration":"00:02:00"},Briefing -> {"Watcode":true,"Z3":true,"Foreign":true,"Hbmo":true}] => Overtime -> {"hoursRate1":6.8,"hoursRate2":0}
[6.8,Assignment -> {"isUnionized":true,"duration":"00:02:00"},Briefing -> {"Watcode":false,"Z3":true,"Foreign":true,"Hbmo":true}] => Overtime -> {"hoursRate1":6.8,"hoursRate2":0}
[6.8,Assignment -> {"isUnionized":true,"duration":"00:02:00"},Briefing -> {"Watcode":false,"Z3":false,"Foreign":true,"Hbmo":true}] => Overtime -> {"hoursRate1":6.8,"hoursRate2":0}
